$ export NODE_ENV=development && pnpm run build && pnpm run start
$ node ./build.mjs

  dist/index.mjs                       2.3mb ⚠️
  dist/pino-worker.mjs               153.4kb
  dist/pino-file.mjs                 142.1kb
  dist/pino-pretty.mjs               114.4kb
  dist/thread-stream-worker.mjs        7.3kb
  dist/index.mjs.map                   4.2mb
  dist/pino-worker.mjs.map           256.9kb
  dist/pino-file.mjs.map             229.0kb
  dist/pino-pretty.mjs.map           203.6kb
  dist/thread-stream-worker.mjs.map   12.0kb

⚡ Done in 570ms
$ node dist/index.js
node:internal/modules/cjs/loader:1386
  throw err;
  ^

Error: Cannot find module '/home/ubuntu/Nashash/artifacts/api-server/dist/index.js'
    at Module._resolveFilename (node:internal/modules/cjs/loader:1383:15)
    at defaultResolveImpl (node:internal/modules/cjs/loader:1025:19)
    at resolveForCJSWithHooks (node:internal/modules/cjs/loader:1030:22)
    at Module._load (node:internal/modules/cjs/loader:1192:37)
    at TracingChannel.traceSync (node:diagnostics_channel:328:14)
    at wrapModuleLoad (node:internal/modules/cjs/loader:237:24)
    at Function.executeUserEntryPoint [as runMain] (node:internal/modules/run_main:171:5)
    at node:internal/main/run_main_module:36:49 {
  code: 'MODULE_NOT_FOUND',
  requireStack: []
}

Node.js v22.22.1
[ELIFECYCLE] Command failed with exit code 1.
/home/ubuntu/Nashash/artifacts/api-server:
[ERR_PNPM_RECURSIVE_RUN_FIRST_FAIL] @workspace/api-server@0.0.0 dev: `export NODE_ENV=development && pnpm run build && pnpm run start`
Exit status 1
